GAS LISTING /tmp/ccJp10Fy.s 			page 1


   1              		.file	"ctrlstate.c"
   2              		.text
   3              	.Ltext0:
   4              		.file 0 "/home/daveads/Desktop/ASM/asmln/output_asm_from_c" "ctrlstate.c"
   5              		.globl	f
   7              	f:
   8              	.LFB0:
   9              		.file 1 "ctrlstate.c"
   1:ctrlstate.c   **** int f (int n){
  10              		.loc 1 1 14
  11              		.cfi_startproc
  12 0000 55       		pushq	%rbp
  13              		.cfi_def_cfa_offset 16
  14              		.cfi_offset 6, -16
  15 0001 4889E5   		movq	%rsp, %rbp
  16              		.cfi_def_cfa_register 6
  17 0004 4883EC10 		subq	$16, %rsp
  18 0008 897DFC   		movl	%edi, -4(%rbp)
   2:ctrlstate.c   **** 		if (n < 2) return 2;
  19              		.loc 1 2 6
  20 000b 837DFC01 		cmpl	$1, -4(%rbp)
  21 000f 7F07     		jg	.L2
  22              		.loc 1 2 21 discriminator 1
  23 0011 B8020000 		movl	$2, %eax
  23      00
  24 0016 EB11     		jmp	.L3
  25              	.L2:
   3:ctrlstate.c   **** 
   4:ctrlstate.c   **** 		return f ( n -1 ) * n;
  26              		.loc 1 4 10
  27 0018 8B45FC   		movl	-4(%rbp), %eax
  28 001b 83E801   		subl	$1, %eax
  29 001e 89C7     		movl	%eax, %edi
  30 0020 E8000000 		call	f
  30      00
  31              		.loc 1 4 21
  32 0025 0FAF45FC 		imull	-4(%rbp), %eax
  33              	.L3:
   5:ctrlstate.c   **** }
  34              		.loc 1 5 1
  35 0029 C9       		leave
  36              		.cfi_def_cfa 7, 8
  37 002a C3       		ret
  38              		.cfi_endproc
  39              	.LFE0:
  41              	.Letext0:
GAS LISTING /tmp/ccJp10Fy.s 			page 2


DEFINED SYMBOLS
                            *ABS*:0000000000000000 ctrlstate.c
     /tmp/ccJp10Fy.s:7      .text:0000000000000000 f

NO UNDEFINED SYMBOLS
